// Jest Snapshot v1, https://goo.gl/fbAQLP

exports[`habit renders 1`] = `[Function]`;
