// Jest Snapshot v1, https://goo.gl/fbAQLP

exports[`navber renders 1`] = `[Function]`;
